2026-07-29 19:15:25,398 [           main] WARN  org.jline                                - Unable to create a system terminal, creating a dumb terminal (enable debug logging for more information)
2026-07-29 19:18:47,293 [           main] WARN  org.jline                                - Unable to create a system terminal, creating a dumb terminal (enable debug logging for more information)
2026-07-29 19:29:20,848 [           main] ERROR org.apache.catalina.util.LifecycleBase   - Called stop() on failed component [StandardServer[-1]] to trigger clean-up but it failed too
org.apache.catalina.LifecycleException: An invalid Lifecycle transition was attempted ([before_stop]) for component [StandardEngine[Tomcat]] in state [INITIALIZED]
	at org.apache.catalina.util.LifecycleBase.invalidTransition(LifecycleBase.java:409)
	at org.apache.catalina.util.LifecycleBase.stop(LifecycleBase.java:229)
	at org.apache.catalina.core.StandardService.stopInternal(StandardService.java:496)
	at org.apache.catalina.util.LifecycleBase.stop(LifecycleBase.java:242)
	at org.apache.catalina.core.StandardServer.stopInternal(StandardServer.java:974)
	at org.apache.catalina.util.LifecycleBase.stop(LifecycleBase.java:242)
	at org.apache.catalina.util.LifecycleBase.destroy(LifecycleBase.java:278)
	at org.apache.catalina.startup.Tomcat.destroy(Tomcat.java:458)
	at org.springframework.boot.web.embedded.tomcat.TomcatWebServer.destroySilently(TomcatWebServer.java:286)
	at org.springframework.boot.web.embedded.tomcat.TomcatWebServer.initialize(TomcatWebServer.java:144)
	at org.springframework.boot.web.embedded.tomcat.TomcatWebServer.<init>(TomcatWebServer.java:105)
	at org.springframework.boot.web.embedded.tomcat.TomcatServletWebServerFactory.getTomcatWebServer(TomcatServletWebServerFactory.java:499)
	at org.springframework.boot.web.embedded.tomcat.TomcatServletWebServerFactory.getWebServer(TomcatServletWebServerFactory.java:218)
	at org.springframework.boot.web.servlet.context.ServletWebServerApplicationContext.createWebServer(ServletWebServerApplicationContext.java:188)
	at org.springframework.boot.web.servlet.context.ServletWebServerApplicationContext.onRefresh(ServletWebServerApplicationContext.java:162)
	at org.springframework.context.support.AbstractApplicationContext.refresh(AbstractApplicationContext.java:618)
	at org.springframework.boot.web.servlet.context.ServletWebServerApplicationContext.refresh(ServletWebServerApplicationContext.java:146)
	at org.springframework.boot.SpringApplication.refresh(SpringApplication.java:754)
	at org.springframework.boot.SpringApplication.refreshContext(SpringApplication.java:456)
	at org.springframework.boot.SpringApplication.run(SpringApplication.java:334)
	at org.springframework.boot.builder.SpringApplicationBuilder.run(SpringApplicationBuilder.java:149)
	at com.bloxbean.cardano.yacicli.YaciCliApplication.main(YaciCliApplication.java:23)
	at java.base@21.0.7/java.lang.invoke.LambdaForm$DMH/sa346b79c.invokeStaticInit(LambdaForm$DMH)
2026-07-29 19:29:20,848 [           main] ERROR org.apache.catalina.util.LifecycleBase   - Called stop() on failed component [StandardService[Tomcat]] to trigger clean-up but it failed too
org.apache.catalina.LifecycleException: An invalid Lifecycle transition was attempted ([before_stop]) for component [StandardEngine[Tomcat]] in state [INITIALIZED]
	at org.apache.catalina.util.LifecycleBase.invalidTransition(LifecycleBase.java:409)
	at org.apache.catalina.util.LifecycleBase.stop(LifecycleBase.java:229)
	at org.apache.catalina.core.StandardService.stopInternal(StandardService.java:496)
	at org.apache.catalina.util.LifecycleBase.stop(LifecycleBase.java:242)
	at org.apache.catalina.util.LifecycleBase.destroy(LifecycleBase.java:278)
	at org.apache.catalina.core.StandardServer.destroyInternal(StandardServer.java:1027)
	at org.apache.catalina.util.LifecycleBase.destroy(LifecycleBase.java:306)
	at org.apache.catalina.startup.Tomcat.destroy(Tomcat.java:458)
	at org.springframework.boot.web.embedded.tomcat.TomcatWebServer.destroySilently(TomcatWebServer.java:286)
	at org.springframework.boot.web.embedded.tomcat.TomcatWebServer.initialize(TomcatWebServer.java:144)
	at org.springframework.boot.web.embedded.tomcat.TomcatWebServer.<init>(TomcatWebServer.java:105)
	at org.springframework.boot.web.embedded.tomcat.TomcatServletWebServerFactory.getTomcatWebServer(TomcatServletWebServerFactory.java:499)
	at org.springframework.boot.web.embedded.tomcat.TomcatServletWebServerFactory.getWebServer(TomcatServletWebServerFactory.java:218)
	at org.springframework.boot.web.servlet.context.ServletWebServerApplicationContext.createWebServer(ServletWebServerApplicationContext.java:188)
	at org.springframework.boot.web.servlet.context.ServletWebServerApplicationContext.onRefresh(ServletWebServerApplicationContext.java:162)
	at org.springframework.context.support.AbstractApplicationContext.refresh(AbstractApplicationContext.java:618)
	at org.springframework.boot.web.servlet.context.ServletWebServerApplicationContext.refresh(ServletWebServerApplicationContext.java:146)
	at org.springframework.boot.SpringApplication.refresh(SpringApplication.java:754)
	at org.springframework.boot.SpringApplication.refreshContext(SpringApplication.java:456)
	at org.springframework.boot.SpringApplication.run(SpringApplication.java:334)
	at org.springframework.boot.builder.SpringApplicationBuilder.run(SpringApplicationBuilder.java:149)
	at com.bloxbean.cardano.yacicli.YaciCliApplication.main(YaciCliApplication.java:23)
	at java.base@21.0.7/java.lang.invoke.LambdaForm$DMH/sa346b79c.invokeStaticInit(LambdaForm$DMH)
2026-07-29 19:29:20,848 [           main] ERROR o.springframework.boot.SpringApplication - Application run failed
org.springframework.context.ApplicationContextException: Unable to start web server
	at org.springframework.boot.web.servlet.context.ServletWebServerApplicationContext.onRefresh(ServletWebServerApplicationContext.java:165)
	at org.springframework.context.support.AbstractApplicationContext.refresh(AbstractApplicationContext.java:618)
	at org.springframework.boot.web.servlet.context.ServletWebServerApplicationContext.refresh(ServletWebServerApplicationContext.java:146)
	at org.springframework.boot.SpringApplication.refresh(SpringApplication.java:754)
	at org.springframework.boot.SpringApplication.refreshContext(SpringApplication.java:456)
	at org.springframework.boot.SpringApplication.run(SpringApplication.java:334)
	at org.springframework.boot.builder.SpringApplicationBuilder.run(SpringApplicationBuilder.java:149)
	at com.bloxbean.cardano.yacicli.YaciCliApplication.main(YaciCliApplication.java:23)
	at java.base@21.0.7/java.lang.invoke.LambdaForm$DMH/sa346b79c.invokeStaticInit(LambdaForm$DMH)
Caused by: org.springframework.boot.web.server.WebServerException: Unable to start embedded Tomcat
	at org.springframework.boot.web.embedded.tomcat.TomcatWebServer.initialize(TomcatWebServer.java:145)
	at org.springframework.boot.web.embedded.tomcat.TomcatWebServer.<init>(TomcatWebServer.java:105)
	at org.springframework.boot.web.embedded.tomcat.TomcatServletWebServerFactory.getTomcatWebServer(TomcatServletWebServerFactory.java:499)
	at org.springframework.boot.web.embedded.tomcat.TomcatServletWebServerFactory.getWebServer(TomcatServletWebServerFactory.java:218)
	at org.springframework.boot.web.servlet.context.ServletWebServerApplicationContext.createWebServer(ServletWebServerApplicationContext.java:188)
	at org.springframework.boot.web.servlet.context.ServletWebServerApplicationContext.onRefresh(ServletWebServerApplicationContext.java:162)
	... 8 common frames omitted
Caused by: org.apache.catalina.LifecycleException: Protocol handler initialization failed
	at org.apache.catalina.connector.Connector.initInternal(Connector.java:1016)
	at org.apache.catalina.util.LifecycleBase.init(LifecycleBase.java:127)
	at org.apache.catalina.core.StandardService.initInternal(StandardService.java:554)
	at org.apache.catalina.util.LifecycleBase.init(LifecycleBase.java:127)
	at org.apache.catalina.core.StandardServer.initInternal(StandardServer.java:1017)
	at org.apache.catalina.util.LifecycleBase.init(LifecycleBase.java:127)
	at org.apache.catalina.util.LifecycleBase.start(LifecycleBase.java:161)
	at org.apache.catalina.startup.Tomcat.start(Tomcat.java:437)
	at org.springframework.boot.web.embedded.tomcat.TomcatWebServer.initialize(TomcatWebServer.java:126)
	... 13 common frames omitted
Caused by: java.net.BindException: Address already in use
	at java.base@21.0.7/sun.nio.ch.Net.bind0(Native Method)
	at java.base@21.0.7/sun.nio.ch.Net.bind(Net.java:565)
	at java.base@21.0.7/sun.nio.ch.ServerSocketChannelImpl.netBind(ServerSocketChannelImpl.java:344)
	at java.base@21.0.7/sun.nio.ch.ServerSocketChannelImpl.bind(ServerSocketChannelImpl.java:301)
	at org.apache.tomcat.util.net.NioEndpoint.initServerSocket(NioEndpoint.java:239)
	at org.apache.tomcat.util.net.NioEndpoint.bind(NioEndpoint.java:194)
	at org.apache.tomcat.util.net.AbstractEndpoint.bindWithCleanup(AbstractEndpoint.java:1307)
	at org.apache.tomcat.util.net.AbstractEndpoint.init(AbstractEndpoint.java:1320)
	at org.apache.coyote.AbstractProtocol.init(AbstractProtocol.java:624)
	at org.apache.coyote.http11.AbstractHttp11Protocol.init(AbstractHttp11Protocol.java:77)
	at org.apache.catalina.connector.Connector.initInternal(Connector.java:1014)
	... 21 common frames omitted
2026-07-29 19:34:45,893 [           main] WARN  org.jline                                - Unable to create a system terminal, creating a dumb terminal (enable debug logging for more information)
2026-07-29 19:39:46,875 [           main] WARN  org.jline                                - Unable to create a system terminal, creating a dumb terminal (enable debug logging for more information)
2026-07-29 19:44:30,030 [           main] WARN  org.jline                                - Unable to create a system terminal, creating a dumb terminal (enable debug logging for more information)
2026-07-29 19:45:42,994 [           main] WARN  org.jline                                - Unable to create a system terminal, creating a dumb terminal (enable debug logging for more information)
2026-07-29 19:46:03,209 [           main] WARN  org.jline                                - Unable to create a system terminal, creating a dumb terminal (enable debug logging for more information)
2026-07-29 19:47:42,117 [           main] WARN  org.jline                                - Unable to create a system terminal, creating a dumb terminal (enable debug logging for more information)
2026-07-29 20:03:32,977 [           main] WARN  org.jline                                - Unable to create a system terminal, creating a dumb terminal (enable debug logging for more information)
2026-07-29 20:35:31,145 [           main] WARN  org.jline                                - Unable to create a system terminal, creating a dumb terminal (enable debug logging for more information)
2026-07-29 20:37:26,974 [           main] WARN  org.jline                                - Unable to create a system terminal, creating a dumb terminal (enable debug logging for more information)
2026-07-29 20:42:14,650 [           main] WARN  org.jline                                - Unable to create a system terminal, creating a dumb terminal (enable debug logging for more information)
2026-07-29 21:39:10,022 [           main] WARN  org.jline                                - Unable to create a system terminal, creating a dumb terminal (enable debug logging for more information)
2026-07-30 10:48:25,162 [           main] WARN  org.jline                                - Unable to create a system terminal, creating a dumb terminal (enable debug logging for more information)
